PS D:\Development\Github-repo\terraform-projects\aws\remote_state\bootstrap> ls


    Directory: D:\Development\Github-repo\terraform-projects\aws\remote_state\bootstrap


----                 -------------         ------ ----                                                                                                                                                   
-a----        06-06-2026  01:35 PM           1147 main.tf                                                                                                                                                
-a----        06-06-2026  12:48 PM           1020 outputs.tf                                                                                                                                             
-a----        06-06-2026  01:34 PM            138 variables.tf                                                                                                                                           


PS D:\Development\Github-repo\terraform-projects\aws\remote_state\bootstrap> terraform init
Initializing provider plugins found in the configuration...
- Finding latest version of hashicorp/aws...
- Installing hashicorp/aws v6.49.0...
- Installed hashicorp/aws v6.49.0 (signed by HashiCorp)

Initializing the backend...


Terraform has created a lock file .terraform.lock.hcl to record the provider
selections it made above. Include this file in your version control repository
so that Terraform can guarantee to make the same selections by default when
you run "terraform init" in the future.

Terraform has been successfully initialized!

You may now begin working with Terraform. Try running "terraform plan" to see
any changes that are required for your infrastructure. All Terraform commands
should now work.

If you ever set or change modules or backend configuration for Terraform,
rerun this command to reinitialize your working directory. If you forget, other
commands will detect it and remind you to do so if necessary.
PS D:\Development\Github-repo\terraform-projects\aws\remote_state\bootstrap> terraform plan
data.aws_caller_identity.current: Reading...
data.aws_caller_identity.current: Read complete after 0s [id=955030483517]

Terraform used the selected providers to generate the following execution plan. Resource actions are indicated with the following symbols:
  + create

Terraform will perform the following actions:

  # aws_dynamodb_table.terraform_lock will be created
  + resource "aws_dynamodb_table" "terraform_lock" {
      + arn              = (known after apply)
      + billing_mode     = "PAY_PER_REQUEST"
      + hash_key         = "LockID"
      + id               = (known after apply)
      + name             = "terraform-lock"
      + read_capacity    = (known after apply)
      + region           = "ap-south-1"
      + stream_arn       = (known after apply)
      + stream_label     = (known after apply)
      + stream_view_type = (known after apply)
      + tags             = {
          + "Environment" = "Remote State"
          + "Name"        = "Terraform Lock Table"
        }
      + tags_all         = {
          + "Environment" = "Remote State"
          + "Name"        = "Terraform Lock Table"
        }
      + write_capacity   = (known after apply)

      + attribute {
          + name = "LockID"
          + type = "S"
        }

      + global_secondary_index (known after apply)

      + global_table_witness (known after apply)

      + point_in_time_recovery (known after apply)

      + server_side_encryption (known after apply)

      + ttl (known after apply)

      + warm_throughput (known after apply)
    }

  # aws_s3_bucket.terraform_state will be created
  + resource "aws_s3_bucket" "terraform_state" {
      + acceleration_status         = (known after apply)
      + acl                         = (known after apply)
      + arn                         = (known after apply)
      + bucket                      = "955030483517-terraform-states"
      + bucket_domain_name          = (known after apply)
      + bucket_namespace            = (known after apply)
      + bucket_prefix               = (known after apply)
      + bucket_region               = (known after apply)
      + bucket_regional_domain_name = (known after apply)
      + force_destroy               = false
      + hosted_zone_id              = (known after apply)
      + id                          = (known after apply)
      + object_lock_enabled         = (known after apply)
      + policy                      = (known after apply)
      + region                      = "ap-south-1"
      + request_payer               = (known after apply)
      + tags                        = {
          + "Environment" = "Remote State"
          + "Name"        = "Terraform State Bucket"
        }
      + tags_all                    = {
          + "Environment" = "Remote State"
          + "Name"        = "Terraform State Bucket"
        }
      + website_domain              = (known after apply)
      + website_endpoint            = (known after apply)

      + cors_rule (known after apply)

      + grant (known after apply)

      + lifecycle_rule (known after apply)

      + logging (known after apply)

      + object_lock_configuration (known after apply)

      + replication_configuration (known after apply)

      + server_side_encryption_configuration (known after apply)

      + versioning (known after apply)

      + website (known after apply)
    }

  # aws_s3_bucket_server_side_encryption_configuration.terraform_state_encryption will be created
  + resource "aws_s3_bucket_server_side_encryption_configuration" "terraform_state_encryption" {
      + bucket = (known after apply)
      + id     = (known after apply)
      + region = "ap-south-1"

      + rule {
          + blocked_encryption_types = (known after apply)
          + bucket_key_enabled       = (known after apply)

          + apply_server_side_encryption_by_default {
              + kms_master_key_id = (known after apply)
            }
        }
    }

  # aws_s3_bucket_versioning.terraform_state_versioning will be created
  + resource "aws_s3_bucket_versioning" "terraform_state_versioning" {
      + bucket = (known after apply)
      + id     = (known after apply)
      + region = "ap-south-1"

      + versioning_configuration {
          + mfa_delete = (known after apply)
          + status     = "Enabled"
        }
    }

Plan: 4 to add, 0 to change, 0 to destroy.

Changes to Outputs:
  + dynamodb_table_arn    = (known after apply)
  + dynamodb_table_name   = "terraform-lock"
  + dynamodb_table_region = "ap-south-1"
  + s3_bucket_arn         = (known after apply)
  + s3_bucket_name        = (known after apply)
  + s3_bucket_region      = "ap-south-1"

─────────────────────────────────────────────────────────────────────────────────────────────────────────────────────────────────────────────────────────────────────────────────────────────────────────

Note: You didn't use the -out option to save this plan, so Terraform can't guarantee to take exactly these actions if you run "terraform apply" now.
PS D:\Development\Github-repo\terraform-projects\aws\remote_state\bootstrap> terraform apply
data.aws_caller_identity.current: Reading...
data.aws_caller_identity.current: Read complete after 0s [id=955030483517]

Terraform used the selected providers to generate the following execution plan. Resource actions are indicated with the following symbols:
  + create

Terraform will perform the following actions:

  # aws_dynamodb_table.terraform_lock will be created
  + resource "aws_dynamodb_table" "terraform_lock" {
      + arn              = (known after apply)
      + billing_mode     = "PAY_PER_REQUEST"
      + hash_key         = "LockID"
      + id               = (known after apply)
      + name             = "terraform-lock"
      + read_capacity    = (known after apply)
      + region           = "ap-south-1"
      + stream_arn       = (known after apply)
      + stream_label     = (known after apply)
      + stream_view_type = (known after apply)
      + tags             = {
          + "Environment" = "Remote State"
          + "Name"        = "Terraform Lock Table"
        }
      + tags_all         = {
          + "Environment" = "Remote State"
          + "Name"        = "Terraform Lock Table"
        }
      + write_capacity   = (known after apply)

      + attribute {
          + name = "LockID"
          + type = "S"
        }

      + global_secondary_index (known after apply)

      + global_table_witness (known after apply)

      + point_in_time_recovery (known after apply)

      + server_side_encryption (known after apply)

      + ttl (known after apply)

      + warm_throughput (known after apply)
    }

  # aws_s3_bucket.terraform_state will be created
  + resource "aws_s3_bucket" "terraform_state" {
      + acceleration_status         = (known after apply)
      + acl                         = (known after apply)
      + arn                         = (known after apply)
      + bucket                      = "955030483517-terraform-states"
      + bucket_domain_name          = (known after apply)
      + bucket_namespace            = (known after apply)
      + bucket_prefix               = (known after apply)
      + bucket_region               = (known after apply)
      + bucket_regional_domain_name = (known after apply)
      + force_destroy               = false
      + hosted_zone_id              = (known after apply)
      + id                          = (known after apply)
      + object_lock_enabled         = (known after apply)
      + policy                      = (known after apply)
      + region                      = "ap-south-1"
      + request_payer               = (known after apply)
      + tags                        = {
          + "Environment" = "Remote State"
          + "Name"        = "Terraform State Bucket"
        }
      + tags_all                    = {
          + "Environment" = "Remote State"
          + "Name"        = "Terraform State Bucket"
        }
      + website_domain              = (known after apply)
      + website_endpoint            = (known after apply)

      + cors_rule (known after apply)

      + grant (known after apply)

      + lifecycle_rule (known after apply)

      + logging (known after apply)

      + object_lock_configuration (known after apply)

      + replication_configuration (known after apply)

      + server_side_encryption_configuration (known after apply)

      + versioning (known after apply)

      + website (known after apply)
    }

  # aws_s3_bucket_server_side_encryption_configuration.terraform_state_encryption will be created
  + resource "aws_s3_bucket_server_side_encryption_configuration" "terraform_state_encryption" {
      + bucket = (known after apply)
      + id     = (known after apply)
      + region = "ap-south-1"

      + rule {
          + blocked_encryption_types = (known after apply)
          + bucket_key_enabled       = (known after apply)

          + apply_server_side_encryption_by_default {
              + kms_master_key_id = (known after apply)
              + sse_algorithm     = "AES256"
            }
        }
    }

  # aws_s3_bucket_versioning.terraform_state_versioning will be created
  + resource "aws_s3_bucket_versioning" "terraform_state_versioning" {
      + bucket = (known after apply)
      + id     = (known after apply)
      + region = "ap-south-1"

      + versioning_configuration {
          + mfa_delete = (known after apply)
          + status     = "Enabled"
        }
    }

Plan: 4 to add, 0 to change, 0 to destroy.

Changes to Outputs:
  + dynamodb_table_arn    = (known after apply)
  + dynamodb_table_name   = "terraform-lock"
  + dynamodb_table_region = "ap-south-1"
  + s3_bucket_arn         = (known after apply)
  + s3_bucket_name        = (known after apply)
  + s3_bucket_region      = "ap-south-1"

Do you want to perform these actions?
  Terraform will perform the actions described above.
  Only 'yes' will be accepted to approve.

  Enter a value: yes

aws_s3_bucket.terraform_state: Creating...
aws_dynamodb_table.terraform_lock: Creating...
aws_s3_bucket.terraform_state: Creation complete after 3s [id=955030483517-terraform-states]
aws_s3_bucket_versioning.terraform_state_versioning: Creating...
aws_s3_bucket_server_side_encryption_configuration.terraform_state_encryption: Creating...
aws_s3_bucket_server_side_encryption_configuration.terraform_state_encryption: Creation complete after 0s [id=955030483517-terraform-states]
aws_s3_bucket_versioning.terraform_state_versioning: Creation complete after 2s [id=955030483517-terraform-states]
aws_dynamodb_table.terraform_lock: Creation complete after 9s [id=terraform-lock]

Apply complete! Resources: 4 added, 0 changed, 0 destroyed.

Outputs:

dynamodb_table_arn = "arn:aws:dynamodb:ap-south-1:955030483517:table/terraform-lock"
dynamodb_table_name = "terraform-lock"
dynamodb_table_region = "ap-south-1"
s3_bucket_arn = "arn:aws:s3:::955030483517-terraform-states"
s3_bucket_name = "955030483517-terraform-states"
s3_bucket_region = "ap-south-1"
PS D:\Development\Github-repo\terraform-projects\aws\remote_state\bootstrap> 