PS D:\Development\Github-repo\terraform-projects\aws\remote_state\environments\dev> terraform init -backend-config="../conf/backend-$env.conf"
Initializing provider plugins found in the configuration...
- Reusing previous version of hashicorp/aws from the dependency lock file
- Using previously-installed hashicorp/aws v4.67.0

Initializing the backend...

Initializing provider plugins found in the state...
- Reusing previous version of hashicorp/aws
- Using previously-installed hashicorp/aws v4.67.0


╷
│ Warning: Deprecated Parameter
│ 
│ The parameter "dynamodb_table" is deprecated. Use parameter "use_lockfile" instead.
╵
Terraform has been successfully initialized!

You may now begin working with Terraform. Try running "terraform plan" to see
any changes that are required for your infrastructure. All Terraform commands
should now work.

If you ever set or change modules or backend configuration for Terraform,
rerun this command to reinitialize your working directory. If you forget, other
commands will detect it and remind you to do so if necessary.
PS D:\Development\Github-repo\terraform-projects\aws\remote_state\environments\dev> terraform destroy
╷
│ Warning: Deprecated Parameter
│ 
│ The parameter "dynamodb_table" is deprecated. Use parameter "use_lockfile" instead.
╵
aws_instance.my_dev_server: Refreshing state... [id=i-05932dddb5582f81a]

Terraform used the selected providers to generate the following execution plan. Resource actions are indicated with the following symbols:
  - destroy

Terraform will perform the following actions:

  # aws_instance.my_dev_server will be destroyed
  - resource "aws_instance" "my_dev_server" {
      - ami                                  = "ami-07a00cf47dbbc844c" -> null
      - arn                                  = "arn:aws:ec2:ap-south-1:955030483517:instance/i-05932dddb5582f81a" -> null
      - associate_public_ip_address          = true -> null
      - availability_zone                    = "ap-south-1a" -> null
      - cpu_core_count                       = 1 -> null
      - cpu_threads_per_core                 = 2 -> null
      - disable_api_stop                     = false -> null
      - disable_api_termination              = false -> null
      - ebs_optimized                        = false -> null
      - get_password_data                    = false -> null
      - hibernation                          = false -> null
      - id                                   = "i-05932dddb5582f81a" -> null
      - instance_initiated_shutdown_behavior = "stop" -> null
      - instance_state                       = "running" -> null
      - instance_type                        = "t3.micro" -> null
      - ipv6_address_count                   = 0 -> null
      - ipv6_addresses                       = [] -> null
      - monitoring                           = false -> null
      - placement_partition_number           = 0 -> null
      - primary_network_interface_id         = "eni-01596d4cd5622674a" -> null
      - private_dns                          = "ip-172-31-44-193.ap-south-1.compute.internal" -> null
      - private_ip                           = "172.31.44.193" -> null
      - public_dns                           = "ec2-15-206-157-52.ap-south-1.compute.amazonaws.com" -> null
      - public_ip                            = "15.206.157.52" -> null
      - secondary_private_ips                = [] -> null
      - security_groups                      = [
          - "default",
        ] -> null
      - source_dest_check                    = true -> null
      - subnet_id                            = "subnet-0d3f7e4a48fa1786e" -> null
      - tags                                 = {
          - "Name" = "TerraformExampleInstance"
        } -> null
      - tags_all                             = {
          - "Name" = "TerraformExampleInstance"
        } -> null
      - tenancy                              = "default" -> null
      - user_data_replace_on_change          = false -> null
      - vpc_security_group_ids               = [
          - "sg-0542bec323ae4df19",
        ] -> null
        # (6 unchanged attributes hidden)

      - capacity_reservation_specification {
          - capacity_reservation_preference = "open" -> null
        }

      - cpu_options {
          - core_count       = 1 -> null
          - threads_per_core = 2 -> null
            # (1 unchanged attribute hidden)
        }

      - credit_specification {
          - cpu_credits = "unlimited" -> null
        }

      - enclave_options {
          - enabled = false -> null
        }

      - maintenance_options {
          - auto_recovery = "default" -> null
        }

      - metadata_options {
          - http_endpoint               = "enabled" -> null
          - http_put_response_hop_limit = 2 -> null
          - http_tokens                 = "required" -> null
          - instance_metadata_tags      = "disabled" -> null
        }

      - private_dns_name_options {
          - enable_resource_name_dns_a_record    = false -> null
          - enable_resource_name_dns_aaaa_record = false -> null
          - hostname_type                        = "ip-name" -> null
        }

      - root_block_device {
          - delete_on_termination = true -> null
          - device_name           = "/dev/sda1" -> null
          - encrypted             = false -> null
          - iops                  = 3000 -> null
          - volume_id             = "vol-06c025fa6851987a7" -> null
          - volume_size           = 8 -> null
          - volume_type           = "gp3" -> null
            # (1 unchanged attribute hidden)
        }
    }

Plan: 0 to add, 0 to change, 1 to destroy.

Changes to Outputs:
  - instance_id = "i-05932dddb5582f81a" -> null
  - private_ip  = "172.31.44.193" -> null
  - public_dns  = "ec2-15-206-157-52.ap-south-1.compute.amazonaws.com" -> null
  - public_ip   = "15.206.157.52" -> null

  Terraform will destroy all your managed infrastructure, as shown above.
  There is no undo. Only 'yes' will be accepted to confirm.

  Enter a value: yes

aws_instance.my_dev_server: Destroying... [id=i-05932dddb5582f81a]
aws_instance.my_dev_server: Still destroying... [id=i-05932dddb5582f81a, 00m10s elapsed]
aws_instance.my_dev_server: Still destroying... [id=i-05932dddb5582f81a, 00m20s elapsed]
aws_instance.my_dev_server: Still destroying... [id=i-05932dddb5582f81a, 00m30s elapsed]
aws_instance.my_dev_server: Destruction complete after 31s

Destroy complete! Resources: 1 destroyed.
PS D:\Development\Github-repo\terraform-projects\aws\remote_state\environments\dev> cd ..\..\bootstrap\
PS D:\Development\Github-repo\terraform-projects\aws\remote_state\bootstrap> ls


    Directory: D:\Development\Github-repo\terraform-projects\aws\remote_state\bootstrap


Mode                 LastWriteTime         Length Name                                                                                                                                                   
d-----        06-06-2026  01:55 PM                .terraform                                                                                                                                             
-a----        06-06-2026  01:55 PM           1377 .terraform.lock.hcl                                                                                                                                    
-a----        06-06-2026  01:35 PM           1147 main.tf                                                                                                                                                
-a----        06-06-2026  12:48 PM           1020 outputs.tf                                                                                                                                             
-a----        06-06-2026  02:00 PM           9463 terraform.tfstate                                                                                                                                      
-a----        06-06-2026  01:34 PM            138 variables.tf                                                                                                                                           

PS D:\Development\Github-repo\terraform-projects\aws\remote_state\bootstrap> terraform init
Initializing provider plugins found in the configuration...
- Reusing previous version of hashicorp/aws from the dependency lock file
- Using previously-installed hashicorp/aws v6.49.0
Initializing the backend...

Initializing provider plugins found in the state...
- Reusing previous version of hashicorp/aws
- Using previously-installed hashicorp/aws v6.49.0


Terraform has been successfully initialized!

You may now begin working with Terraform. Try running "terraform plan" to see
any changes that are required for your infrastructure. All Terraform commands
should now work.

If you ever set or change modules or backend configuration for Terraform,
rerun this command to reinitialize your working directory. If you forget, other
commands will detect it and remind you to do so if necessary.
PS D:\Development\Github-repo\terraform-projects\aws\remote_state\bootstrap> terraform output
dynamodb_table_arn = "arn:aws:dynamodb:ap-south-1:955030483517:table/terraform-lock"
dynamodb_table_name = "terraform-lock"
dynamodb_table_region = "ap-south-1"
s3_bucket_arn = "arn:aws:s3:::955030483517-terraform-states"
s3_bucket_name = "955030483517-terraform-states"
s3_bucket_region = "ap-south-1"
PS D:\Development\Github-repo\terraform-projects\aws\remote_state\bootstrap> terraform state list
data.aws_caller_identity.current
aws_dynamodb_table.terraform_lock
aws_s3_bucket.terraform_state
aws_s3_bucket_server_side_encryption_configuration.terraform_state_encryption
aws_s3_bucket_versioning.terraform_state_versioning
PS D:\Development\Github-repo\terraform-projects\aws\remote_state\bootstrap> terraform destroy
data.aws_caller_identity.current: Reading...
aws_dynamodb_table.terraform_lock: Refreshing state... [id=terraform-lock]
data.aws_caller_identity.current: Read complete after 0s [id=955030483517]
aws_s3_bucket.terraform_state: Refreshing state... [id=955030483517-terraform-states]
aws_s3_bucket_versioning.terraform_state_versioning: Refreshing state... [id=955030483517-terraform-states]
aws_s3_bucket_server_side_encryption_configuration.terraform_state_encryption: Refreshing state... [id=955030483517-terraform-states]

Terraform used the selected providers to generate the following execution plan. Resource actions are indicated with the following symbols:
  - destroy

Terraform will perform the following actions:

  # aws_dynamodb_table.terraform_lock will be destroyed
  - resource "aws_dynamodb_table" "terraform_lock" {
      - arn                         = "arn:aws:dynamodb:ap-south-1:955030483517:table/terraform-lock" -> null
      - billing_mode                = "PAY_PER_REQUEST" -> null
      - deletion_protection_enabled = false -> null
      - hash_key                    = "LockID" -> null
      - id                          = "terraform-lock" -> null
      - name                        = "terraform-lock" -> null
      - read_capacity               = 0 -> null
      - region                      = "ap-south-1" -> null
      - stream_enabled              = false -> null
      - table_class                 = "STANDARD" -> null
      - tags                        = {
          - "Environment" = "Remote State"
          - "Name"        = "Terraform Lock Table"
        } -> null
      - tags_all                    = {
          - "Environment" = "Remote State"
          - "Name"        = "Terraform Lock Table"
        } -> null
      - write_capacity              = 0 -> null
        # (3 unchanged attributes hidden)

      - attribute {
          - name = "LockID" -> null
          - type = "S" -> null
        }

      - point_in_time_recovery {
          - enabled                 = false -> null
          - recovery_period_in_days = 0 -> null
        }

      - ttl {
          - enabled        = false -> null
            # (1 unchanged attribute hidden)
        }
    }

  # aws_s3_bucket.terraform_state will be destroyed
  - resource "aws_s3_bucket" "terraform_state" {
      - arn                         = "arn:aws:s3:::955030483517-terraform-states" -> null
      - bucket                      = "955030483517-terraform-states" -> null
      - bucket_domain_name          = "955030483517-terraform-states.s3.amazonaws.com" -> null
      - bucket_namespace            = "global" -> null
      - bucket_region               = "ap-south-1" -> null
      - bucket_regional_domain_name = "955030483517-terraform-states.s3.ap-south-1.amazonaws.com" -> null
      - force_destroy               = false -> null
      - hosted_zone_id              = "Z11RGJOFQNVJUP" -> null
      - id                          = "955030483517-terraform-states" -> null
      - object_lock_enabled         = false -> null
      - region                      = "ap-south-1" -> null
      - request_payer               = "BucketOwner" -> null
      - tags                        = {
          - "Environment" = "Remote State"
          - "Name"        = "Terraform State Bucket"
        } -> null
      - tags_all                    = {
          - "Environment" = "Remote State"
          - "Name"        = "Terraform State Bucket"
        } -> null
        # (3 unchanged attributes hidden)

      - grant {
          - id          = "a3a9bd0936592b9b243d8a2abc46879d4a68be5d268131c78b3dbde10b30eca6" -> null
          - permissions = [
              - "FULL_CONTROL",
            ] -> null
          - type        = "CanonicalUser" -> null
            # (1 unchanged attribute hidden)
        }

      - server_side_encryption_configuration {
          - rule {
              - bucket_key_enabled = false -> null

              - apply_server_side_encryption_by_default {
                  - sse_algorithm     = "AES256" -> null
                    # (1 unchanged attribute hidden)
                }
            }
        }

      - versioning {
          - enabled    = true -> null
          - mfa_delete = false -> null
        }
    }

  # aws_s3_bucket_server_side_encryption_configuration.terraform_state_encryption will be destroyed
  - resource "aws_s3_bucket_server_side_encryption_configuration" "terraform_state_encryption" {
      - bucket                = "955030483517-terraform-states" -> null
      - id                    = "955030483517-terraform-states" -> null
      - region                = "ap-south-1" -> null
        # (1 unchanged attribute hidden)

      - rule {
          - blocked_encryption_types = [
              - "SSE-C",
            ] -> null
          - bucket_key_enabled       = false -> null

          - apply_server_side_encryption_by_default {
              - sse_algorithm     = "AES256" -> null
                # (1 unchanged attribute hidden)
            }
        }
    }

  # aws_s3_bucket_versioning.terraform_state_versioning will be destroyed
  - resource "aws_s3_bucket_versioning" "terraform_state_versioning" {
      - bucket                = "955030483517-terraform-states" -> null
      - id                    = "955030483517-terraform-states" -> null
      - region                = "ap-south-1" -> null
        # (1 unchanged attribute hidden)

      - versioning_configuration {
          - mfa_delete = "Disabled" -> null
          - status     = "Enabled" -> null
        }
    }
Plan: 0 to add, 0 to change, 4 to destroy.

Changes to Outputs:
  - dynamodb_table_arn    = "arn:aws:dynamodb:ap-south-1:955030483517:table/terraform-lock" -> null
  - dynamodb_table_name   = "terraform-lock" -> null
  - dynamodb_table_region = "ap-south-1" -> null
  - s3_bucket_arn         = "arn:aws:s3:::955030483517-terraform-states" -> null
  - s3_bucket_name        = "955030483517-terraform-states" -> null
  - s3_bucket_region      = "ap-south-1" -> null

Do you really want to destroy all resources?
  Terraform will destroy all your managed infrastructure, as shown above.
  There is no undo. Only 'yes' will be accepted to confirm.

  Enter a value: yes

aws_s3_bucket_versioning.terraform_state_versioning: Destroying... [id=955030483517-terraform-states]
aws_s3_bucket_server_side_encryption_configuration.terraform_state_encryption: Destroying... [id=955030483517-terraform-states]
aws_dynamodb_table.terraform_lock: Destroying... [id=terraform-lock]
aws_s3_bucket_server_side_encryption_configuration.terraform_state_encryption: Destruction complete after 1s
aws_s3_bucket_versioning.terraform_state_versioning: Destruction complete after 1s
aws_s3_bucket.terraform_state: Destroying... [id=955030483517-terraform-states]
aws_dynamodb_table.terraform_lock: Destruction complete after 7s
╷
│ Error: deleting S3 Bucket (955030483517-terraform-states): operation error S3: DeleteBucket, https response error StatusCode: 409, RequestID: 32GS21M991GKDHB2, HostID: LipZk6g5whRInrokPBJyo0P1E5x4HB+4O61yesndEnWTwje6tK8w2oVK+Z1A6yqweeqYR7ezKRg=, api error BucketNotEmpty: The bucket you tried to delete is not empty. You must delete all versions in the bucket.
│ 
│ 
╵
PS D:\Development\Github-repo\terraform-projects\aws\remote_state\bootstrap> terraform destroy
data.aws_caller_identity.current: Reading...
data.aws_caller_identity.current: Read complete after 0s [id=955030483517]
aws_s3_bucket.terraform_state: Refreshing state... [id=955030483517-terraform-states]

Terraform used the selected providers to generate the following execution plan. Resource actions are indicated with the following symbols:
  - destroy

Terraform will perform the following actions:

  # aws_s3_bucket.terraform_state will be destroyed
  - resource "aws_s3_bucket" "terraform_state" {
      - arn                         = "arn:aws:s3:::955030483517-terraform-states" -> null
      - bucket                      = "955030483517-terraform-states" -> null
      - bucket_domain_name          = "955030483517-terraform-states.s3.amazonaws.com" -> null
      - bucket_namespace            = "global" -> null
      - bucket_region               = "ap-south-1" -> null
      - bucket_regional_domain_name = "955030483517-terraform-states.s3.ap-south-1.amazonaws.com" -> null
      - force_destroy               = false -> null
      - hosted_zone_id              = "Z11RGJOFQNVJUP" -> null
      - id                          = "955030483517-terraform-states" -> null
      - object_lock_enabled         = false -> null
      - region                      = "ap-south-1" -> null
      - request_payer               = "BucketOwner" -> null
      - tags                        = {
          - "Environment" = "Remote State"
          - "Name"        = "Terraform State Bucket"
        } -> null
      - tags_all                    = {
          - "Environment" = "Remote State"
          - "Name"        = "Terraform State Bucket"
        } -> null
        # (3 unchanged attributes hidden)

      - grant {
          - id          = "a3a9bd0936592b9b243d8a2abc46879d4a68be5d268131c78b3dbde10b30eca6" -> null
          - permissions = [
              - "FULL_CONTROL",
            ] -> null
          - type        = "CanonicalUser" -> null
            # (1 unchanged attribute hidden)
        }

      - server_side_encryption_configuration {
          - rule {
              - bucket_key_enabled = false -> null

              - apply_server_side_encryption_by_default {
                  - sse_algorithm     = "AES256" -> null
                    # (1 unchanged attribute hidden)
                }
            }
        }

      - versioning {
          - enabled    = false -> null
          - mfa_delete = false -> null
        }
    }

Plan: 0 to add, 0 to change, 1 to destroy.

Changes to Outputs:
  - dynamodb_table_name   = "terraform-lock" -> null
  - dynamodb_table_region = "ap-south-1" -> null
  - s3_bucket_arn         = "arn:aws:s3:::955030483517-terraform-states" -> null
  - s3_bucket_name        = "955030483517-terraform-states" -> null
  - s3_bucket_region      = "ap-south-1" -> null

Do you really want to destroy all resources?
  Terraform will destroy all your managed infrastructure, as shown above.
  There is no undo. Only 'yes' will be accepted to confirm.

  Enter a value: yes

aws_s3_bucket.terraform_state: Destroying... [id=955030483517-terraform-states]
aws_s3_bucket.terraform_state: Destruction complete after 1s

Destroy complete! Resources: 1 destroyed.
PS D:\Development\Github-repo\terraform-projects\aws\remote_state\bootstrap> 